// Jest Snapshot v1, https://goo.gl/fbAQLP

exports[`DsPageGuard should be created 1`] = `
Object {
  "test": false,
}
`;
